// Jest Snapshot v1, https://goo.gl/fbAQLP

exports[`should render expense list by filter correctly 1`] = `
<div>
  <input
    onChange={[Function]}
    type="text"
    value=""
  />
  <select
    onChange={[Function]}
    value="a"
  >
    <option
      value="a"
    >
      Od A
    </option>
    <option
      value="z"
    >
      Od Z
    </option>
    <option
      value="nejnovejsi"
    >
      Nejnovejsi
    </option>
    <option
      value="nejstarsi"
    >
      Nejstarsi
    </option>
  </select>
</div>
`;

exports[`should render expense list by filter with alt data correctly 1`] = `
<div>
  <input
    onChange={[Function]}
    type="text"
    value=""
  />
  <select
    onChange={[Function]}
    value="a"
  >
    <option
      value="a"
    >
      Od A
    </option>
    <option
      value="z"
    >
      Od Z
    </option>
    <option
      value="nejnovejsi"
    >
      Nejnovejsi
    </option>
    <option
      value="nejstarsi"
    >
      Nejstarsi
    </option>
  </select>
</div>
`;
